******************************************************************************
                  TI ARM Linker PC v20.2.5                     
******************************************************************************
>> Linked Thu May 20 11:58:43 2021

OUTPUT FILE NAME:   <HolaMundo.out>
ENTRY POINT SYMBOL: "_c_int00_noargs"  address: 00000ea5


MEMORY CONFIGURATION

         name            origin    length      used     unused   attr    fill
----------------------  --------  ---------  --------  --------  ----  --------
  FLASH                 00000000   00040000  000011d8  0003ee28  R  X
  SRAM                  20000000   00008000  00000238  00007dc8  RW X


SEGMENT ALLOCATION MAP

run origin  load origin   length   init length attrs members
----------  ----------- ---------- ----------- ----- -------
00000000    00000000    000011d8   000011d8    r-x
  00000000    00000000    0000026c   0000026c    r-- .intvecs
  0000026c    0000026c    00000dc0   00000dc0    r-x .text
  0000102c    0000102c    0000016c   0000016c    r-- .const
  00001198    00001198    00000040   00000040    r-- .cinit
20000000    20000000    00000238   00000000    rw-
  20000000    20000000    00000200   00000000    rw- .stack
  20000200    20000200    00000034   00000000    rw- .data
  20000234    20000234    00000004   00000000    rw- .bss


SECTION ALLOCATION MAP

 output                                  attributes/
section   page    origin      length       input sections
--------  ----  ----------  ----------   ----------------
.intvecs   0    00000000    0000026c     
                  00000000    0000026c     tm4c123gh6pm_startup_ccs.obj (.intvecs)

.text      0    0000026c    00000dc0     
                  0000026c    0000062c     main.obj (.text)
                  00000898    00000132     driverlib.lib : gpio.obj (.text:GPIOPadConfigSet)
                  000009ca    00000002     --HOLE-- [fill = 0]
                  000009cc    00000110                   : sysctl.obj (.text:SysCtlClockGet)
                  00000adc    000000f4                   : sysctl.obj (.text:SysCtlClockSet)
                  00000bd0    0000009c     rtsv7M4_T_le_v4SPD16_eabi.lib : memcpy_t2.asm.obj (.text)
                  00000c6c    00000068     driverlib.lib : interrupt.obj (.text:IntEnable)
                  00000cd4    00000068     rtsv7M4_T_le_v4SPD16_eabi.lib : copy_decompress_lzss.c.obj (.text:decompress:lzss:__TI_decompress_lzss)
                  00000d3c    00000060     driverlib.lib : timer.obj (.text:TimerConfigure)
                  00000d9c    00000048                   : gpio.obj (.text:GPIOPinConfigure)
                  00000de4    00000046                   : uart.obj (.text:UARTConfigSetExpClk)
                  00000e2a    00000002     --HOLE-- [fill = 0]
                  00000e2c    00000044     rtsv7M4_T_le_v4SPD16_eabi.lib : autoinit.c.obj (.text:__TI_auto_init_nobinit_nopinit:__TI_auto_init_nobinit_nopinit)
                  00000e70    00000034     driverlib.lib : sysctl.obj (.text:SysCtlPeripheralEnable)
                  00000ea4    00000034     rtsv7M4_T_le_v4SPD16_eabi.lib : boot_cortex_m.c.obj (.text:_c_int00_noargs:_c_int00_noargs)
                  00000ed8    0000002a     driverlib.lib : gpio.obj (.text:GPIODirModeSet)
                  00000f02    00000002     --HOLE-- [fill = 0]
                  00000f04    00000020                   : uart.obj (.text:UARTDisable)
                  00000f24    0000001c     rtsv7M4_T_le_v4SPD16_eabi.lib : copy_zero_init.c.obj (.text:decompress:ZI:__TI_zero_init_nomemset:__TI_zero_init_nomemset)
                  00000f40    00000018     driverlib.lib : gpio.obj (.text:GPIOPinTypeGPIOOutput)
                  00000f58    00000014                   : uart.obj (.text:UARTEnable)
                  00000f6c    00000012                   : gpio.obj (.text:GPIOPinTypeGPIOInput)
                  00000f7e    00000012                   : gpio.obj (.text:GPIOPinTypeUART)
                  00000f90    00000012                   : timer.obj (.text:TimerLoadSet)
                  00000fa2    00000010                   : interrupt.obj (.text:IntMasterEnable)
                  00000fb2    0000000e                   : timer.obj (.text:TimerEnable)
                  00000fc0    0000000e     rtsv7M4_T_le_v4SPD16_eabi.lib : copy_decompress_none.c.obj (.text:decompress:none:__TI_decompress_none)
                  00000fce    0000000c     driverlib.lib : cpu.obj (.text:CPUcpsie)
                  00000fda    0000000c     tm4c123gh6pm_startup_ccs.obj (.text)
                  00000fe6    0000000a     driverlib.lib : uart.obj (.text:UARTCharGet)
                  00000ff0    0000000a                   : uart.obj (.text:UARTCharPut)
                  00000ffa    00000008                   : timer.obj (.text:TimerIntEnable)
                  00001002    00000008                   : uart.obj (.text:UARTIntEnable)
                  0000100a    00000006                   : gpio.obj (.text:GPIOPinRead)
                  00001010    00000006                   : gpio.obj (.text:GPIOPinWrite)
                  00001016    00000006                   : sysctl.obj (.text:SysCtlDelay)
                  0000101c    00000004                   : timer.obj (.text:TimerIntClear)
                  00001020    00000004                   : uart.obj (.text:UARTIntClear)
                  00001024    00000004     rtsv7M4_T_le_v4SPD16_eabi.lib : pre_init.c.obj (.text:_system_pre_init)
                  00001028    00000004                                   : exit.c.obj (.text:abort:abort)

.const     0    0000102c    0000016c     
                  0000102c    00000090     driverlib.lib : gpio.obj (.const:g_pui32GPIOBaseAddrs)
                  000010bc    00000070                   : interrupt.obj (.const)
                  0000112c    0000006c                   : sysctl.obj (.const:g_pui32Xtals)

.cinit     0    00001198    00000040     
                  00001198    00000015     (.cinit..data.load) [load image, compression = lzss]
                  000011ad    00000003     --HOLE-- [fill = 0]
                  000011b0    0000000c     (__TI_handler_table)
                  000011bc    00000004     --HOLE-- [fill = 0]
                  000011c0    00000008     (.cinit..bss.load) [load image, compression = zero_init]
                  000011c8    00000010     (__TI_cinit_table)

.init_array 
*          0    00000000    00000000     UNINITIALIZED

.data      0    20000200    00000034     UNINITIALIZED
                  20000200    00000034     main.obj (.data)

.bss       0    20000234    00000004     UNINITIALIZED
                  20000234    00000004     (.common:ui32Period)

.stack     0    20000000    00000200     UNINITIALIZED
                  20000000    00000004     rtsv7M4_T_le_v4SPD16_eabi.lib : boot_cortex_m.c.obj (.stack)
                  20000004    000001fc     --HOLE--

__llvm_prf_cnts 
*          0    20000000    00000000     UNINITIALIZED

MODULE SUMMARY

       Module                         code   ro data   rw data
       ------                         ----   -------   -------
    .\
       main.obj                       1580   0         56     
       tm4c123gh6pm_startup_ccs.obj   12     620       0      
    +--+------------------------------+------+---------+---------+
       Total:                         1592   620       56     
                                                              
    C:/ti/TivaWare_C_Series-2.1.4.178/driverlib/ccs/Debug/driverlib.lib
       sysctl.obj                     574    108       0      
       gpio.obj                       492    144       0      
       interrupt.obj                  120    112       0      
       uart.obj                       154    0         0      
       timer.obj                      140    0         0      
       cpu.obj                        12     0         0      
    +--+------------------------------+------+---------+---------+
       Total:                         1492   364       0      
                                                              
    C:\ti\ccs1031\ccs\tools\compiler\ti-cgt-arm_20.2.5.LTS\lib\rtsv7M4_T_le_v4SPD16_eabi.lib
       memcpy_t2.asm.obj              156    0         0      
       copy_decompress_lzss.c.obj     104    0         0      
       autoinit.c.obj                 68     0         0      
       boot_cortex_m.c.obj            52     0         0      
       copy_zero_init.c.obj           28     0         0      
       copy_decompress_none.c.obj     14     0         0      
       exit.c.obj                     4      0         0      
       pre_init.c.obj                 4      0         0      
    +--+------------------------------+------+---------+---------+
       Total:                         430    0         0      
                                                              
       Stack:                         0      0         512    
       Linker Generated:              0      57        0      
    +--+------------------------------+------+---------+---------+
       Grand Total:                   3514   1041      568    


LINKER GENERATED COPY TABLES

__TI_cinit_table @ 000011c8 records: 2, size/record: 8, table size: 16
	.data: load addr=00001198, load size=00000015 bytes, run addr=20000200, run size=00000034 bytes, compression=lzss
	.bss: load addr=000011c0, load size=00000008 bytes, run addr=20000234, run size=00000004 bytes, compression=zero_init


LINKER GENERATED HANDLER TABLE

__TI_handler_table @ 000011b0 records: 3, size/record: 4, table size: 12
	index: 0, handler: __TI_decompress_lzss
	index: 1, handler: __TI_decompress_none
	index: 2, handler: __TI_zero_init


GLOBAL SYMBOLS: SORTED ALPHABETICALLY BY Name 

address   name                          
-------   ----                          
00001029  C$$EXIT                       
00000fcf  CPUcpsie                      
00000ed9  GPIODirModeSet                
00000899  GPIOPadConfigSet              
00000d9d  GPIOPinConfigure              
0000100b  GPIOPinRead                   
00000f6d  GPIOPinTypeGPIOInput          
00000f41  GPIOPinTypeGPIOOutput         
00000f7f  GPIOPinTypeUART               
00001011  GPIOPinWrite                  
000003b9  InitUART                      
00000c6d  IntEnable                     
00000fa3  IntMasterEnable               
00000fdb  ResetISR                      
000009cd  SysCtlClockGet                
00000add  SysCtlClockSet                
00001017  SysCtlDelay                   
00000e71  SysCtlPeripheralEnable        
00000443  Timer0IntHandler              
00000d3d  TimerConfigure                
00000fb3  TimerEnable                   
0000101d  TimerIntClear                 
00000ffb  TimerIntEnable                
00000f91  TimerLoadSet                  
00000fe7  UARTCharGet                   
00000ff1  UARTCharPut                   
00000de5  UARTConfigSetExpClk           
00000f05  UARTDisable                   
00000f59  UARTEnable                    
00001021  UARTIntClear                  
00001003  UARTIntEnable                 
00000455  UARTIntHandler                
20000200  __STACK_END                   
00000200  __STACK_SIZE                  
20000200  __STACK_TOP                   
000011c8  __TI_CINIT_Base               
000011d8  __TI_CINIT_Limit              
000011b0  __TI_Handler_Table_Base       
000011bc  __TI_Handler_Table_Limit      
00000e2d  __TI_auto_init_nobinit_nopinit
00000cd5  __TI_decompress_lzss          
00000fc1  __TI_decompress_none          
ffffffff  __TI_pprof_out_hndl           
ffffffff  __TI_prof_data_size           
ffffffff  __TI_prof_data_start          
00000000  __TI_static_base__            
00000f25  __TI_zero_init_nomemset       
00000bd1  __aeabi_memcpy                
00000bd1  __aeabi_memcpy4               
00000bd1  __aeabi_memcpy8               
ffffffff  __binit__                     
ffffffff  __c_args__                    
UNDEFED   __mpu_init                    
20000000  __stack                       
20000000  __start___llvm_prf_cnts       
20000000  __stop___llvm_prf_cnts        
00000ea5  _c_int00_noargs               
UNDEFED   _system_post_cinit            
00001025  _system_pre_init              
00001029  abort                         
ffffffff  binit                         
2000020c  boton1                        
20000210  boton2                        
20000214  boton3                        
20000218  boton4                        
00000655  buttons_math                  
00000525  cero                          
000005b7  cuatro                        
00000609  display                       
00000569  dos                           
20000220  espacio_disponible            
20000224  estado_boton1                 
20000228  estado_boton2                 
2000022c  estado_boton3                 
20000230  estado_boton4                 
2000021c  estado_botones                
00000000  g_pfnVectors                  
20000200  i                             
000006c1  luces                         
0000026d  main                          
00000bd1  memcpy                        
000007a9  num2string                    
000007f9  parking_update                
20000204  receive                       
20000208  send_data                     
00000475  setup                         
00000595  tres                          
00000355  uart_test                     
20000234  ui32Period                    
00000547  uno                           


GLOBAL SYMBOLS: SORTED BY Symbol Address 

address   name                          
-------   ----                          
00000000  __TI_static_base__            
00000000  g_pfnVectors                  
00000200  __STACK_SIZE                  
0000026d  main                          
00000355  uart_test                     
000003b9  InitUART                      
00000443  Timer0IntHandler              
00000455  UARTIntHandler                
00000475  setup                         
00000525  cero                          
00000547  uno                           
00000569  dos                           
00000595  tres                          
000005b7  cuatro                        
00000609  display                       
00000655  buttons_math                  
000006c1  luces                         
000007a9  num2string                    
000007f9  parking_update                
00000899  GPIOPadConfigSet              
000009cd  SysCtlClockGet                
00000add  SysCtlClockSet                
00000bd1  __aeabi_memcpy                
00000bd1  __aeabi_memcpy4               
00000bd1  __aeabi_memcpy8               
00000bd1  memcpy                        
00000c6d  IntEnable                     
00000cd5  __TI_decompress_lzss          
00000d3d  TimerConfigure                
00000d9d  GPIOPinConfigure              
00000de5  UARTConfigSetExpClk           
00000e2d  __TI_auto_init_nobinit_nopinit
00000e71  SysCtlPeripheralEnable        
00000ea5  _c_int00_noargs               
00000ed9  GPIODirModeSet                
00000f05  UARTDisable                   
00000f25  __TI_zero_init_nomemset       
00000f41  GPIOPinTypeGPIOOutput         
00000f59  UARTEnable                    
00000f6d  GPIOPinTypeGPIOInput          
00000f7f  GPIOPinTypeUART               
00000f91  TimerLoadSet                  
00000fa3  IntMasterEnable               
00000fb3  TimerEnable                   
00000fc1  __TI_decompress_none          
00000fcf  CPUcpsie                      
00000fdb  ResetISR                      
00000fe7  UARTCharGet                   
00000ff1  UARTCharPut                   
00000ffb  TimerIntEnable                
00001003  UARTIntEnable                 
0000100b  GPIOPinRead                   
00001011  GPIOPinWrite                  
00001017  SysCtlDelay                   
0000101d  TimerIntClear                 
00001021  UARTIntClear                  
00001025  _system_pre_init              
00001029  C$$EXIT                       
00001029  abort                         
000011b0  __TI_Handler_Table_Base       
000011bc  __TI_Handler_Table_Limit      
000011c8  __TI_CINIT_Base               
000011d8  __TI_CINIT_Limit              
20000000  __stack                       
20000000  __start___llvm_prf_cnts       
20000000  __stop___llvm_prf_cnts        
20000200  __STACK_END                   
20000200  __STACK_TOP                   
20000200  i                             
20000204  receive                       
20000208  send_data                     
2000020c  boton1                        
20000210  boton2                        
20000214  boton3                        
20000218  boton4                        
2000021c  estado_botones                
20000220  espacio_disponible            
20000224  estado_boton1                 
20000228  estado_boton2                 
2000022c  estado_boton3                 
20000230  estado_boton4                 
20000234  ui32Period                    
ffffffff  __TI_pprof_out_hndl           
ffffffff  __TI_prof_data_size           
ffffffff  __TI_prof_data_start          
ffffffff  __binit__                     
ffffffff  __c_args__                    
ffffffff  binit                         
UNDEFED   __mpu_init                    
UNDEFED   _system_post_cinit            

[90 symbols]
