******************************************************************************
                  TI ARM Linker PC v20.2.5                     
******************************************************************************
>> Linked Thu May 20 15:22:28 2021

OUTPUT FILE NAME:   <HolaMundo.out>
ENTRY POINT SYMBOL: "_c_int00_noargs"  address: 00000e95


MEMORY CONFIGURATION

         name            origin    length      used     unused   attr    fill
----------------------  --------  ---------  --------  --------  ----  --------
  FLASH                 00000000   00040000  000011c8  0003ee38  R  X
  SRAM                  20000000   00008000  00000238  00007dc8  RW X


SEGMENT ALLOCATION MAP

run origin  load origin   length   init length attrs members
----------  ----------- ---------- ----------- ----- -------
00000000    00000000    000011c8   000011c8    r-x
  00000000    00000000    0000026c   0000026c    r-- .intvecs
  0000026c    0000026c    00000db0   00000db0    r-x .text
  0000101c    0000101c    0000016c   0000016c    r-- .const
  00001188    00001188    00000040   00000040    r-- .cinit
20000000    20000000    00000238   00000000    rw-
  20000000    20000000    00000200   00000000    rw- .stack
  20000200    20000200    00000034   00000000    rw- .data
  20000234    20000234    00000004   00000000    rw- .bss


SECTION ALLOCATION MAP

 output                                  attributes/
section   page    origin      length       input sections
--------  ----  ----------  ----------   ----------------
.intvecs   0    00000000    0000026c     
                  00000000    0000026c     tm4c123gh6pm_startup_ccs.obj (.intvecs)

.text      0    0000026c    00000db0     
                  0000026c    0000061c     main.obj (.text)
                  00000888    00000132     driverlib.lib : gpio.obj (.text:GPIOPadConfigSet)
                  000009ba    00000002     --HOLE-- [fill = 0]
                  000009bc    00000110                   : sysctl.obj (.text:SysCtlClockGet)
                  00000acc    000000f4                   : sysctl.obj (.text:SysCtlClockSet)
                  00000bc0    0000009c     rtsv7M4_T_le_v4SPD16_eabi.lib : memcpy_t2.asm.obj (.text)
                  00000c5c    00000068     driverlib.lib : interrupt.obj (.text:IntEnable)
                  00000cc4    00000068     rtsv7M4_T_le_v4SPD16_eabi.lib : copy_decompress_lzss.c.obj (.text:decompress:lzss:__TI_decompress_lzss)
                  00000d2c    00000060     driverlib.lib : timer.obj (.text:TimerConfigure)
                  00000d8c    00000048                   : gpio.obj (.text:GPIOPinConfigure)
                  00000dd4    00000046                   : uart.obj (.text:UARTConfigSetExpClk)
                  00000e1a    00000002     --HOLE-- [fill = 0]
                  00000e1c    00000044     rtsv7M4_T_le_v4SPD16_eabi.lib : autoinit.c.obj (.text:__TI_auto_init_nobinit_nopinit:__TI_auto_init_nobinit_nopinit)
                  00000e60    00000034     driverlib.lib : sysctl.obj (.text:SysCtlPeripheralEnable)
                  00000e94    00000034     rtsv7M4_T_le_v4SPD16_eabi.lib : boot_cortex_m.c.obj (.text:_c_int00_noargs:_c_int00_noargs)
                  00000ec8    0000002a     driverlib.lib : gpio.obj (.text:GPIODirModeSet)
                  00000ef2    00000002     --HOLE-- [fill = 0]
                  00000ef4    00000020                   : uart.obj (.text:UARTDisable)
                  00000f14    0000001c     rtsv7M4_T_le_v4SPD16_eabi.lib : copy_zero_init.c.obj (.text:decompress:ZI:__TI_zero_init_nomemset:__TI_zero_init_nomemset)
                  00000f30    00000018     driverlib.lib : gpio.obj (.text:GPIOPinTypeGPIOOutput)
                  00000f48    00000014                   : uart.obj (.text:UARTEnable)
                  00000f5c    00000012                   : gpio.obj (.text:GPIOPinTypeGPIOInput)
                  00000f6e    00000012                   : gpio.obj (.text:GPIOPinTypeUART)
                  00000f80    00000012                   : timer.obj (.text:TimerLoadSet)
                  00000f92    00000010                   : interrupt.obj (.text:IntMasterEnable)
                  00000fa2    0000000e                   : timer.obj (.text:TimerEnable)
                  00000fb0    0000000e     rtsv7M4_T_le_v4SPD16_eabi.lib : copy_decompress_none.c.obj (.text:decompress:none:__TI_decompress_none)
                  00000fbe    0000000c     driverlib.lib : cpu.obj (.text:CPUcpsie)
                  00000fca    0000000c     tm4c123gh6pm_startup_ccs.obj (.text)
                  00000fd6    0000000a     driverlib.lib : uart.obj (.text:UARTCharGet)
                  00000fe0    0000000a                   : uart.obj (.text:UARTCharPut)
                  00000fea    00000008                   : timer.obj (.text:TimerIntEnable)
                  00000ff2    00000008                   : uart.obj (.text:UARTIntEnable)
                  00000ffa    00000006                   : gpio.obj (.text:GPIOPinRead)
                  00001000    00000006                   : gpio.obj (.text:GPIOPinWrite)
                  00001006    00000006                   : sysctl.obj (.text:SysCtlDelay)
                  0000100c    00000004                   : timer.obj (.text:TimerIntClear)
                  00001010    00000004                   : uart.obj (.text:UARTIntClear)
                  00001014    00000004     rtsv7M4_T_le_v4SPD16_eabi.lib : pre_init.c.obj (.text:_system_pre_init)
                  00001018    00000004                                   : exit.c.obj (.text:abort:abort)

.const     0    0000101c    0000016c     
                  0000101c    00000090     driverlib.lib : gpio.obj (.const:g_pui32GPIOBaseAddrs)
                  000010ac    00000070                   : interrupt.obj (.const)
                  0000111c    0000006c                   : sysctl.obj (.const:g_pui32Xtals)

.cinit     0    00001188    00000040     
                  00001188    00000015     (.cinit..data.load) [load image, compression = lzss]
                  0000119d    00000003     --HOLE-- [fill = 0]
                  000011a0    0000000c     (__TI_handler_table)
                  000011ac    00000004     --HOLE-- [fill = 0]
                  000011b0    00000008     (.cinit..bss.load) [load image, compression = zero_init]
                  000011b8    00000010     (__TI_cinit_table)

.init_array 
*          0    00000000    00000000     UNINITIALIZED

.data      0    20000200    00000034     UNINITIALIZED
                  20000200    00000034     main.obj (.data)

.bss       0    20000234    00000004     UNINITIALIZED
                  20000234    00000004     (.common:ui32Period)

.stack     0    20000000    00000200     UNINITIALIZED
                  20000000    00000004     rtsv7M4_T_le_v4SPD16_eabi.lib : boot_cortex_m.c.obj (.stack)
                  20000004    000001fc     --HOLE--

__llvm_prf_cnts 
*          0    20000000    00000000     UNINITIALIZED

MODULE SUMMARY

       Module                         code   ro data   rw data
       ------                         ----   -------   -------
    .\
       main.obj                       1564   0         56     
       tm4c123gh6pm_startup_ccs.obj   12     620       0      
    +--+------------------------------+------+---------+---------+
       Total:                         1576   620       56     
                                                              
    C:/ti/TivaWare_C_Series-2.1.4.178/driverlib/ccs/Debug/driverlib.lib
       sysctl.obj                     574    108       0      
       gpio.obj                       492    144       0      
       interrupt.obj                  120    112       0      
       uart.obj                       154    0         0      
       timer.obj                      140    0         0      
       cpu.obj                        12     0         0      
    +--+------------------------------+------+---------+---------+
       Total:                         1492   364       0      
                                                              
    C:\ti\ccs1031\ccs\tools\compiler\ti-cgt-arm_20.2.5.LTS\lib\rtsv7M4_T_le_v4SPD16_eabi.lib
       memcpy_t2.asm.obj              156    0         0      
       copy_decompress_lzss.c.obj     104    0         0      
       autoinit.c.obj                 68     0         0      
       boot_cortex_m.c.obj            52     0         0      
       copy_zero_init.c.obj           28     0         0      
       copy_decompress_none.c.obj     14     0         0      
       exit.c.obj                     4      0         0      
       pre_init.c.obj                 4      0         0      
    +--+------------------------------+------+---------+---------+
       Total:                         430    0         0      
                                                              
       Stack:                         0      0         512    
       Linker Generated:              0      57        0      
    +--+------------------------------+------+---------+---------+
       Grand Total:                   3498   1041      568    


LINKER GENERATED COPY TABLES

__TI_cinit_table @ 000011b8 records: 2, size/record: 8, table size: 16
	.data: load addr=00001188, load size=00000015 bytes, run addr=20000200, run size=00000034 bytes, compression=lzss
	.bss: load addr=000011b0, load size=00000008 bytes, run addr=20000234, run size=00000004 bytes, compression=zero_init


LINKER GENERATED HANDLER TABLE

__TI_handler_table @ 000011a0 records: 3, size/record: 4, table size: 12
	index: 0, handler: __TI_decompress_lzss
	index: 1, handler: __TI_decompress_none
	index: 2, handler: __TI_zero_init


GLOBAL SYMBOLS: SORTED ALPHABETICALLY BY Name 

address   name                          
-------   ----                          
00001019  C$$EXIT                       
00000fbf  CPUcpsie                      
00000ec9  GPIODirModeSet                
00000889  GPIOPadConfigSet              
00000d8d  GPIOPinConfigure              
00000ffb  GPIOPinRead                   
00000f5d  GPIOPinTypeGPIOInput          
00000f31  GPIOPinTypeGPIOOutput         
00000f6f  GPIOPinTypeUART               
00001001  GPIOPinWrite                  
000003b9  InitUART                      
00000c5d  IntEnable                     
00000f93  IntMasterEnable               
00000fcb  ResetISR                      
000009bd  SysCtlClockGet                
00000acd  SysCtlClockSet                
00001007  SysCtlDelay                   
00000e61  SysCtlPeripheralEnable        
00000443  Timer0IntHandler              
00000d2d  TimerConfigure                
00000fa3  TimerEnable                   
0000100d  TimerIntClear                 
00000feb  TimerIntEnable                
00000f81  TimerLoadSet                  
00000fd7  UARTCharGet                   
00000fe1  UARTCharPut                   
00000dd5  UARTConfigSetExpClk           
00000ef5  UARTDisable                   
00000f49  UARTEnable                    
00001011  UARTIntClear                  
00000ff3  UARTIntEnable                 
00000455  UARTIntHandler                
20000200  __STACK_END                   
00000200  __STACK_SIZE                  
20000200  __STACK_TOP                   
000011b8  __TI_CINIT_Base               
000011c8  __TI_CINIT_Limit              
000011a0  __TI_Handler_Table_Base       
000011ac  __TI_Handler_Table_Limit      
00000e1d  __TI_auto_init_nobinit_nopinit
00000cc5  __TI_decompress_lzss          
00000fb1  __TI_decompress_none          
ffffffff  __TI_pprof_out_hndl           
ffffffff  __TI_prof_data_size           
ffffffff  __TI_prof_data_start          
00000000  __TI_static_base__            
00000f15  __TI_zero_init_nomemset       
00000bc1  __aeabi_memcpy                
00000bc1  __aeabi_memcpy4               
00000bc1  __aeabi_memcpy8               
ffffffff  __binit__                     
ffffffff  __c_args__                    
UNDEFED   __mpu_init                    
20000000  __stack                       
20000000  __start___llvm_prf_cnts       
20000000  __stop___llvm_prf_cnts        
00000e95  _c_int00_noargs               
UNDEFED   _system_post_cinit            
00001015  _system_pre_init              
00001019  abort                         
ffffffff  binit                         
2000020c  boton1                        
20000210  boton2                        
20000214  boton3                        
20000218  boton4                        
00000659  buttons_math                  
00000527  cero                          
000005b9  cuatro                        
00000609  display                       
0000056b  dos                           
20000220  espacio_disponible            
20000224  estado_boton1                 
20000228  estado_boton2                 
2000022c  estado_boton3                 
20000230  estado_boton4                 
2000021c  estado_botones                
00000000  g_pfnVectors                  
20000200  i                             
000006c1  luces                         
0000026d  main                          
00000bc1  memcpy                        
000007a9  num2string                    
000007f9  parking_update                
20000204  receive                       
20000208  send_data                     
00000475  setup                         
00000597  tres                          
00000355  uart_test                     
20000234  ui32Period                    
00000549  uno                           


GLOBAL SYMBOLS: SORTED BY Symbol Address 

address   name                          
-------   ----                          
00000000  __TI_static_base__            
00000000  g_pfnVectors                  
00000200  __STACK_SIZE                  
0000026d  main                          
00000355  uart_test                     
000003b9  InitUART                      
00000443  Timer0IntHandler              
00000455  UARTIntHandler                
00000475  setup                         
00000527  cero                          
00000549  uno                           
0000056b  dos                           
00000597  tres                          
000005b9  cuatro                        
00000609  display                       
00000659  buttons_math                  
000006c1  luces                         
000007a9  num2string                    
000007f9  parking_update                
00000889  GPIOPadConfigSet              
000009bd  SysCtlClockGet                
00000acd  SysCtlClockSet                
00000bc1  __aeabi_memcpy                
00000bc1  __aeabi_memcpy4               
00000bc1  __aeabi_memcpy8               
00000bc1  memcpy                        
00000c5d  IntEnable                     
00000cc5  __TI_decompress_lzss          
00000d2d  TimerConfigure                
00000d8d  GPIOPinConfigure              
00000dd5  UARTConfigSetExpClk           
00000e1d  __TI_auto_init_nobinit_nopinit
00000e61  SysCtlPeripheralEnable        
00000e95  _c_int00_noargs               
00000ec9  GPIODirModeSet                
00000ef5  UARTDisable                   
00000f15  __TI_zero_init_nomemset       
00000f31  GPIOPinTypeGPIOOutput         
00000f49  UARTEnable                    
00000f5d  GPIOPinTypeGPIOInput          
00000f6f  GPIOPinTypeUART               
00000f81  TimerLoadSet                  
00000f93  IntMasterEnable               
00000fa3  TimerEnable                   
00000fb1  __TI_decompress_none          
00000fbf  CPUcpsie                      
00000fcb  ResetISR                      
00000fd7  UARTCharGet                   
00000fe1  UARTCharPut                   
00000feb  TimerIntEnable                
00000ff3  UARTIntEnable                 
00000ffb  GPIOPinRead                   
00001001  GPIOPinWrite                  
00001007  SysCtlDelay                   
0000100d  TimerIntClear                 
00001011  UARTIntClear                  
00001015  _system_pre_init              
00001019  C$$EXIT                       
00001019  abort                         
000011a0  __TI_Handler_Table_Base       
000011ac  __TI_Handler_Table_Limit      
000011b8  __TI_CINIT_Base               
000011c8  __TI_CINIT_Limit              
20000000  __stack                       
20000000  __start___llvm_prf_cnts       
20000000  __stop___llvm_prf_cnts        
20000200  __STACK_END                   
20000200  __STACK_TOP                   
20000200  i                             
20000204  receive                       
20000208  send_data                     
2000020c  boton1                        
20000210  boton2                        
20000214  boton3                        
20000218  boton4                        
2000021c  estado_botones                
20000220  espacio_disponible            
20000224  estado_boton1                 
20000228  estado_boton2                 
2000022c  estado_boton3                 
20000230  estado_boton4                 
20000234  ui32Period                    
ffffffff  __TI_pprof_out_hndl           
ffffffff  __TI_prof_data_size           
ffffffff  __TI_prof_data_start          
ffffffff  __binit__                     
ffffffff  __c_args__                    
ffffffff  binit                         
UNDEFED   __mpu_init                    
UNDEFED   _system_post_cinit            

[90 symbols]
